
> codebase-index-mcp@1.0.0 test
> jest src/database/nebula/__tests__/database-operation.test.ts

  console.log
    [dotenv@17.2.1] injecting env (206) from .env -- tip: 📡 observe env with Radar: https://dotenvx.com/radar

      at _log (node_modules/dotenv/lib/main.js:139:11)

